#
# A fatal error has been detected by the Java Runtime Environment:
#
#  EXCEPTION_ACCESS_VIOLATION (0xc0000005) at pc=0x00007ffa0ea9f2c8, pid=12620, tid=2388
#
# JRE version: Java(TM) SE Runtime Environment (21.0.11+9) (build 21.0.11+9-LTS-211)
# Java VM: Java HotSpot(TM) 64-Bit Server VM (21.0.11+9-LTS-211, mixed mode, sharing, tiered, compressed oops, compressed class ptrs, g1 gc, windows-amd64)
# Problematic frame:
# V  [jvm.dll+0x35f2c8]
#
# No core dump will be written. Minidumps are not enabled by default on client versions of Windows
#
# If you would like to submit a bug report, please visit:
#   https://bugreport.java.com/bugreport/crash.jsp
#

---------------  S U M M A R Y ------------

Command Line: -Dapplication.home=C:\Program Files\Java\jdk-21.0.11 --add-modules=ALL-DEFAULT -Xms8m -Djdk.module.main=jdk.compiler jdk.compiler/com.sun.tools.javac.Main -d C:\Users\alexi\OneDrive\Desktop\SAE JAVA\SAE_JAVA\SAE_JAVA\build\classes -classpath C:\Users\alexi\OneDrive\Desktop\SAE JAVA\SAE_JAVA\SAE_JAVA\build\classes;C:\Users\alexi\OneDrive\Desktop\graphstream1_3\lib\gs-algo-1.3.jar;C:\Users\alexi\OneDrive\Desktop\graphstream1_3\lib\gs-core-1.3.jar;C:\Users\alexi\OneDrive\Desktop\graphstream1_3\lib\gs-ui-1.3.jar -sourcepath C:\Users\alexi\OneDrive\Desktop\SAE JAVA\SAE_JAVA\SAE_JAVA\build\empty -target 21 -encoding UTF-8 -g -processorpath C:\Users\alexi\OneDrive\Desktop\graphstream1_3\lib\gs-algo-1.3.jar;C:\Users\alexi\OneDrive\Desktop\graphstream1_3\lib\gs-core-1.3.jar;C:\Users\alexi\OneDrive\Desktop\graphstream1_3\lib\gs-ui-1.3.jar;\\iutdoua-smb.univ-lyon1.fr\homes\p2500558\Mes documents\Downloads\lib\gs-algo-1.3.jar;\\iutdoua-smb.univ-lyon1.fr\homes\p2500558\Mes documents\Downloads\lib\gs-core-1.3.jar;\\iutdoua-smb.univ-lyon1.fr\homes\p2500558\Mes documents\Downloads\lib\gs-ui-1.3.jar;C:\Users\alexi\OneDrive\Desktop\SAE JAVA\SAE_JAVA\SAE_JAVA\build\empty -s C:\Users\alexi\OneDrive\Desktop\SAE JAVA\SAE_JAVA\SAE_JAVA\build\generated-sources\ap-source-output -source 21 C:\Users\alexi\OneDrive\Desktop\SAE JAVA\SAE_JAVA\SAE_JAVA\src\IHM\GrapheVisuel.java

Host: AMD Ryzen 7 3700U with Radeon Vega Mobile Gfx  , 8 cores, 13G,  Windows 11 , 64 bit Build 26100 (10.0.26100.8328)
Time: Thu Jun  4 12:08:56 2026 elapsed time: 5.600783 seconds (0d 0h 0m 5s)

---------------  T H R E A D  ---------------

Current thread (0x000002364171a000):  WorkerThread "GC Thread#4"    [id=2388, stack(0x000000ec4aa00000,0x000000ec4ab00000) (1024K)]

Stack: [0x000000ec4aa00000,0x000000ec4ab00000],  sp=0x000000ec4aafe310,  free space=1016k
Native frames: (J=compiled Java code, j=interpreted, Vv=VM code, C=native code)
V  [jvm.dll+0x35f2c8]
V  [jvm.dll+0x35b9ce]
V  [jvm.dll+0x36c80e]
V  [jvm.dll+0x319c22]
V  [jvm.dll+0x6bf992]
V  [jvm.dll+0x31a4dc]
V  [jvm.dll+0x319ea5]
V  [jvm.dll+0x3f3c51]
V  [jvm.dll+0x80af56]
V  [jvm.dll+0x814a16]
V  [jvm.dll+0x36cdd4]
V  [jvm.dll+0x36cc5a]
V  [jvm.dll+0x374464]
V  [jvm.dll+0x3745de]
V  [jvm.dll+0x88de51]
V  [jvm.dll+0x80ac0d]
V  [jvm.dll+0x6cf79d]
C  [ucrtbase.dll+0x37b0]
C  [KERNEL32.DLL+0x2e957]
C  [ntdll.dll+0x427c]

JavaThread 0x000002366191f510 (nid = 17376) was being processed
Java frames: (J=compiled Java code, j=interpreted, Vv=VM code)
v  ~RuntimeStub::_new_array_nozero_Java 0x000002367141c329
J 550 c2 java.lang.AbstractStringBuilder.append(Ljava/lang/String;)Ljava/lang/AbstractStringBuilder; java.base@21.0.11 (45 bytes) @ 0x00000236718d02dc [0x00000236718cfe60+0x000000000000047c]
J 538 c1 java.net.URLStreamHandler.toExternalForm(Ljava/net/URL;)Ljava/lang/String; java.base@21.0.11 (156 bytes) @ 0x0000023669e8b80c [0x0000023669e8b080+0x000000000000078c]
J 542 c1 java.lang.ClassLoader.defineClass(Ljava/lang/String;Ljava/nio/ByteBuffer;Ljava/security/ProtectionDomain;)Ljava/lang/Class; java.base@21.0.11 (108 bytes) @ 0x0000023669e92e4c [0x0000023669e92720+0x000000000000072c]
J 526 c1 java.security.SecureClassLoader.defineClass(Ljava/lang/String;Ljava/nio/ByteBuffer;Ljava/security/CodeSource;)Ljava/lang/Class; java.base@21.0.11 (12 bytes) @ 0x0000023669e8a18c [0x0000023669e8a0c0+0x00000000000000cc]
J 496 c1 jdk.internal.loader.BuiltinClassLoader.defineClass(Ljava/lang/String;Ljdk/internal/loader/BuiltinClassLoader$LoadedModule;)Ljava/lang/Class; java.base@21.0.11 (162 bytes) @ 0x0000023669e777a4 [0x0000023669e75a60+0x0000000000001d44]
J 312 c1 jdk.internal.loader.BuiltinClassLoader.loadClassOrNull(Ljava/lang/String;Z)Ljava/lang/Class; java.base@21.0.11 (143 bytes) @ 0x0000023669e2b4bc [0x0000023669e2af60+0x000000000000055c]
J 334 c1 jdk.internal.loader.ClassLoaders$AppClassLoader.loadClass(Ljava/lang/String;Z)Ljava/lang/Class; java.base@21.0.11 (40 bytes) @ 0x0000023669e34644 [0x0000023669e34460+0x00000000000001e4]
J 324 c1 java.lang.ClassLoader.loadClass(Ljava/lang/String;)Ljava/lang/Class; java.base@21.0.11 (7 bytes) @ 0x0000023669e2f954 [0x0000023669e2f840+0x0000000000000114]
v  ~StubRoutines::call_stub 0x000002367130100d
J 307  java.lang.ClassLoader.defineClass2(Ljava/lang/ClassLoader;Ljava/lang/String;Ljava/nio/ByteBuffer;IILjava/security/ProtectionDomain;Ljava/lang/String;)Ljava/lang/Class; java.base@21.0.11 (0 bytes) @ 0x00000236718ba111 [0x00000236718ba040+0x00000000000000d1]
J 542 c1 java.lang.ClassLoader.defineClass(Ljava/lang/String;Ljava/nio/ByteBuffer;Ljava/security/ProtectionDomain;)Ljava/lang/Class; java.base@21.0.11 (108 bytes) @ 0x0000023669e92eb4 [0x0000023669e92720+0x0000000000000794]
J 526 c1 java.security.SecureClassLoader.defineClass(Ljava/lang/String;Ljava/nio/ByteBuffer;Ljava/security/CodeSource;)Ljava/lang/Class; java.base@21.0.11 (12 bytes) @ 0x0000023669e8a18c [0x0000023669e8a0c0+0x00000000000000cc]
J 496 c1 jdk.internal.loader.BuiltinClassLoader.defineClass(Ljava/lang/String;Ljdk/internal/loader/BuiltinClassLoader$LoadedModule;)Ljava/lang/Class; java.base@21.0.11 (162 bytes) @ 0x0000023669e777a4 [0x0000023669e75a60+0x0000000000001d44]
J 312 c1 jdk.internal.loader.BuiltinClassLoader.loadClassOrNull(Ljava/lang/String;Z)Ljava/lang/Class; java.base@21.0.11 (143 bytes) @ 0x0000023669e2b4bc [0x0000023669e2af60+0x000000000000055c]
J 334 c1 jdk.internal.loader.ClassLoaders$AppClassLoader.loadClass(Ljava/lang/String;Z)Ljava/lang/Class; java.base@21.0.11 (40 bytes) @ 0x0000023669e34644 [0x0000023669e34460+0x00000000000001e4]
J 324 c1 java.lang.ClassLoader.loadClass(Ljava/lang/String;)Ljava/lang/Class; java.base@21.0.11 (7 bytes) @ 0x0000023669e2f954 [0x0000023669e2f840+0x0000000000000114]
v  ~StubRoutines::call_stub 0x000002367130100d
j  com.sun.tools.javac.jvm.ClassReader.attachAnnotations(Lcom/sun/tools/javac/code/Symbol;Lcom/sun/tools/javac/util/List;)V+588 jdk.compiler@21.0.11
j  com.sun.tools.javac.jvm.ClassReader.attachAnnotations(Lcom/sun/tools/javac/code/Symbol;)V+6 jdk.compiler@21.0.11
j  com.sun.tools.javac.jvm.ClassReader$13.read(Lcom/sun/tools/javac/code/Symbol;I)V+5 jdk.compiler@21.0.11
j  com.sun.tools.javac.jvm.ClassReader.readAttrs(Lcom/sun/tools/javac/code/Symbol;Lcom/sun/tools/javac/jvm/ClassReader$AttributeKind;)V+68 jdk.compiler@21.0.11
j  com.sun.tools.javac.jvm.ClassReader.readClassAttrs(Lcom/sun/tools/javac/code/Symbol$ClassSymbol;)V+5 jdk.compiler@21.0.11
j  com.sun.tools.javac.jvm.ClassReader.readClass(Lcom/sun/tools/javac/code/Symbol$ClassSymbol;)V+342 jdk.compiler@21.0.11
j  com.sun.tools.javac.jvm.ClassReader.readClassBuffer(Lcom/sun/tools/javac/code/Symbol$ClassSymbol;)V+350 jdk.compiler@21.0.11
j  com.sun.tools.javac.jvm.ClassReader.readClassFile(Lcom/sun/tools/javac/code/Symbol$ClassSymbol;)V+102 jdk.compiler@21.0.11
j  com.sun.tools.javac.code.ClassFinder.fillIn(Lcom/sun/tools/javac/code/Symbol$ClassSymbol;)V+165 jdk.compiler@21.0.11
j  com.sun.tools.javac.code.ModuleFinder$1.complete(Lcom/sun/tools/javac/code/Symbol;)V+14 jdk.compiler@21.0.11
j  com.sun.tools.javac.code.Symbol.complete()V+24 jdk.compiler@21.0.11
j  com.sun.tools.javac.code.Symbol$ClassSymbol.complete()V+6 jdk.compiler@21.0.11
j  com.sun.tools.javac.comp.Modules$1.complete(Lcom/sun/tools/javac/code/Symbol;)V+61 jdk.compiler@21.0.11
j  com.sun.tools.javac.code.Symtab.lambda$enterModule$9(Lcom/sun/tools/javac/code/Symbol;)V+5 jdk.compiler@21.0.11
j  com.sun.tools.javac.code.Symtab$$Lambda+0x00000236010adae0.complete(Lcom/sun/tools/javac/code/Symbol;)V+5 jdk.compiler@21.0.11
j  com.sun.tools.javac.code.Symbol.complete()V+24 jdk.compiler@21.0.11
j  com.sun.tools.javac.comp.Modules.lambda$setupAllModules$8(Lcom/sun/tools/javac/code/Symbol$ModuleSymbol;)Z+1 jdk.compiler@21.0.11
j  com.sun.tools.javac.comp.Modules$$Lambda+0x0000023601105240.test(Ljava/lang/Object;)Z+4 jdk.compiler@21.0.11
j  com.sun.tools.javac.comp.Modules.setupAllModules()V+477 jdk.compiler@21.0.11
j  com.sun.tools.javac.comp.Modules.lambda$initModules$0(Ljava/util/Set;)V+20 jdk.compiler@21.0.11
j  com.sun.tools.javac.comp.Modules$$Lambda+0x00000236011018c8.accept(Ljava/lang/Object;)V+8 jdk.compiler@21.0.11
j  com.sun.tools.javac.comp.Modules.enter(Lcom/sun/tools/javac/util/List;Ljava/util/function/Consumer;Lcom/sun/tools/javac/code/Symbol$ClassSymbol;)Z+101 jdk.compiler@21.0.11
j  com.sun.tools.javac.comp.Modules.initModules(Lcom/sun/tools/javac/util/List;)V+36 jdk.compiler@21.0.11
j  com.sun.tools.javac.main.JavaCompiler.initModules(Lcom/sun/tools/javac/util/List;)Lcom/sun/tools/javac/util/List;+5 jdk.compiler@21.0.11
j  com.sun.tools.javac.main.JavaCompiler.compile(Ljava/util/Collection;Ljava/util/Collection;Ljava/lang/Iterable;Ljava/util/Collection;)V+275 jdk.compiler@21.0.11
j  com.sun.tools.javac.main.Main.compile([Ljava/lang/String;Lcom/sun/tools/javac/util/Context;)Lcom/sun/tools/javac/main/Main$Result;+622 jdk.compiler@21.0.11
j  com.sun.tools.javac.main.Main.compile([Ljava/lang/String;)Lcom/sun/tools/javac/main/Main$Result;+15 jdk.compiler@21.0.11
j  com.sun.tools.javac.Main.compile([Ljava/lang/String;)I+12 jdk.compiler@21.0.11
j  com.sun.tools.javac.Main.main([Ljava/lang/String;)V+1 jdk.compiler@21.0.11
v  ~StubRoutines::call_stub 0x000002367130100d

siginfo: EXCEPTION_ACCESS_VIOLATION (0xc0000005), reading address 0x0000000000000200


Registers:
RAX=0x0000000000000000, RBX=0x0000000720ee0bbc, RCX=0x0000000000000015, RDX=0x0000000000000000
RSP=0x000000ec4aafe310, RBP=0x00000000000000bc, RSI=0x0000023661931470, RDI=0x0000023646163980
R8 =0x0000000000000200, R9 =0x0000000720ee0b88, R10=0x0000000000000010, R11=0x0000000000000001
R12=0x000000ec4aafe4c0, R13=0x00000000000003d8, R14=0x0000000000000040, R15=0x0000000000000000
RIP=0x00007ffa0ea9f2c8, EFLAGS=0x0000000000010246


Register to memory mapping:

RAX=0x0 is null
RBX=0x0000000720ee0bbc points into unknown readable memory: 40 00 00 00
RCX=0x0000000000000015 is an unknown value
RDX=0x0 is null
RSP=0x000000ec4aafe310 points into unknown readable memory: 0x00000007213e0000 | 00 00 3e 21 07 00 00 00
RBP=0x00000000000000bc is an unknown value
RSI=0x0000023661931470 points into unknown readable memory: 0x0000000000000000 | 00 00 00 00 00 00 00 00
RDI=0x0000023646163980 points into unknown readable memory: 0x00007ffa0f124a78 | 78 4a 12 0f fa 7f 00 00
R8 =0x0000000000000200 is an unknown value
R9 =0x0000000720ee0b88 is an oop: [Ljava.util.HashMap$Node; 
{0x0000000720ee0b88} - klass: 'java/util/HashMap$Node'[]
 - length: 16
R10=0x0000000000000010 is an unknown value
R11=0x0000000000000001 is an unknown value
R12=0x000000ec4aafe4c0 points into unknown readable memory: 0x00007ffa0f11be90 | 90 be 11 0f fa 7f 00 00
R13=0x00000000000003d8 is an unknown value
R14=0x0000000000000040 is an unknown value
R15=0x0 is null

Top of Stack: (sp=0x000000ec4aafe310)
0x000000ec4aafe310:   00000007213e0000 0000000000000001
0x000000ec4aafe320:   0000000000000000 0000000000000050
0x000000ec4aafe330:   0000000000000002 0000000000000008
0x000000ec4aafe340:   000000ec495febe8 0000000000000002
0x000000ec4aafe350:   000000ec4aafe540 00007ffa0ea9b9ce
0x000000ec4aafe360:   0000000000000000 0000023646163980
0x000000ec4aafe370:   0000000000000008 00000000000003d8
0x000000ec4aafe380:   00000000034e3dc4 0000000000000000
0x000000ec4aafe390:   0000000000000002 000000ec4aafe540
0x000000ec4aafe3a0:   0000023646117748 00007ffa0eaac80e
0x000000ec4aafe3b0:   0000000000000000 00000236010a0100
0x000000ec4aafe3c0:   0000000000000000 00000000000001d8
0x000000ec4aafe3d0:   0000000000000000 00007ffa0ea59c22
0x000000ec4aafe3e0:   000000ec4aafe4c0 00000236461177f0
0x000000ec4aafe3f0:   00000000000003d8 00000236415d3d00
0x000000ec4aafe400:   0000000000000000 00007ffa0edff992
0x000000ec4aafe410:   0000000000000001 0000000000000005
0x000000ec4aafe420:   0000023641711840 0000000000000005
0x000000ec4aafe430:   0000000000000005 00000236415d3d00
0x000000ec4aafe440:   0000023646117748 00007ffa0ea5a4dc
0x000000ec4aafe450:   00000236461177f0 000000ec4aafe700
0x000000ec4aafe460:   000000ec4aafe550 0000000000000000
0x000000ec4aafe470:   00000005718b9e01 00000236426712c8
0x000000ec4aafe480:   000002364171a000 0000023600000002
0x000000ec4aafe490:   000000ec4aafe5a0 000000ec495fdae0
0x000000ec4aafe4a0:   0000000000000000 000002364267129d
0x000000ec4aafe4b0:   00000236000000b9 00000236426712c8
0x000000ec4aafe4c0:   00007ffa0f11be90 000000ec4aafe700
0x000000ec4aafe4d0:   0000023646117748 0000000300000002
0x000000ec4aafe4e0:   0000000000000970 00007ffa0edfd497
0x000000ec4aafe4f0:   0000000000000001 0000000000000001
0x000000ec4aafe500:   0000000000000000 0000000000000000 

Instructions: (pc=0x00007ffa0ea9f2c8)
0x00007ffa0ea9f1c8:   ff 48 8d 53 fe 48 8b cf e8 9b f3 ff ff e9 d6 fd
0x00007ffa0ea9f1d8:   ff ff 66 0f 1f 44 00 00 48 8b 77 10 8b ae 80 00
0x00007ffa0ea9f1e8:   00 00 8b cd 8b 86 00 01 00 00 2b c8 81 e1 ff ff
0x00007ffa0ea9f1f8:   01 00 41 3b ce 0f 86 48 02 00 00 ff cd 81 e5 ff
0x00007ffa0ea9f208:   ff 01 00 89 ae 80 00 00 00 e8 ca 2c 36 00 90 8b
0x00007ffa0ea9f218:   d5 8b 86 00 01 00 00 8b cd 48 8b 9e 80 01 00 00
0x00007ffa0ea9f228:   2b c8 81 e1 ff ff 01 00 81 f9 ff ff 01 00 48 8b
0x00007ffa0ea9f238:   1c eb 41 0f 44 cf 85 c9 75 3d 90 89 6c 24 50 48
0x00007ffa0ea9f248:   8b 86 00 01 00 00 48 8b c8 48 c1 e9 20 ff c1 89
0x00007ffa0ea9f258:   4c 24 54 3b e8 0f 85 d6 01 00 00 48 c1 e1 20 48
0x00007ffa0ea9f268:   0b ca f0 48 0f b1 8e 00 01 00 00 0f 85 c0 01 00
0x00007ffa0ea9f278:   00 8b 86 00 01 00 00 f6 c3 01 0f 84 de 00 00 00
0x00007ffa0ea9f288:   8b 0d fa ac 86 00 48 ff cb 48 8b 57 08 44 8b 03
0x00007ffa0ea9f298:   49 d3 e0 8b 8a b8 05 00 00 4c 03 05 d8 ac 86 00
0x00007ffa0ea9f2a8:   48 8b 92 a8 05 00 00 49 8b c0 48 d3 e8 0f b7 14
0x00007ffa0ea9f2b8:   42 0f b7 c2 66 c1 e8 08 84 c0 0f 88 18 ff ff ff
0x00007ffa0ea9f2c8:   4d 8b 08 41 0f b6 c1 24 03 3c 03 75 06 49 83 e1
0x00007ffa0ea9f2d8:   fc eb 0b 48 8b cf e8 fd ec ff ff 4c 8b c8 8b 0d
0x00007ffa0ea9f2e8:   9c ac 86 00 49 8b d1 48 2b 15 8a ac 86 00 48 d3
0x00007ffa0ea9f2f8:   ea 89 13 49 8b d1 8b 0d 7c 3d 8d 00 48 33 d3 48
0x00007ffa0ea9f308:   d3 ea 48 85 d2 0f 84 cd fe ff ff 48 8b 47 08 4c
0x00007ffa0ea9f318:   8b 80 a8 05 00 00 8b 88 b8 05 00 00 48 8b c3 48
0x00007ffa0ea9f328:   d3 e8 41 0f b7 14 40 66 c1 ea 08 80 fa fe 0f 84
0x00007ffa0ea9f338:   a4 fe ff ff 49 8b d1 48 d3 ea 41 0f b7 14 50 0f
0x00007ffa0ea9f348:   b7 c2 66 c1 e8 08 84 c0 0f 89 8a fe ff ff 4c 8b
0x00007ffa0ea9f358:   c3 48 8b cf e8 ef d0 ff ff e9 7a fe ff ff f6 c3
0x00007ffa0ea9f368:   03 0f 85 b9 00 00 00 48 8b 57 08 4c 8b 03 49 8b
0x00007ffa0ea9f378:   c0 8b 8a b8 05 00 00 48 8b 92 a8 05 00 00 48 d3
0x00007ffa0ea9f388:   e8 0f b7 14 42 0f b7 c2 66 c1 e8 08 84 c0 0f 88
0x00007ffa0ea9f398:   44 fe ff ff 4d 8b 08 41 0f b6 c1 24 03 3c 03 75
0x00007ffa0ea9f3a8:   06 49 83 e1 fc eb 0b 48 8b cf e8 29 ec ff ff 4c
0x00007ffa0ea9f3b8:   8b c8 49 8b d1 4c 89 0b 8b 0d ba 3c 8d 00 48 33 


Stack slot to memory mapping:

stack at sp + 0 slots: 0x00000007213e0000 points into unknown readable memory: 0x0000010300000100 | 00 01 00 00 03 01 00 00
stack at sp + 1 slots: 0x0000000000000001 is an unknown value
stack at sp + 2 slots: 0x0 is null
stack at sp + 3 slots: 0x0000000000000050 is an unknown value
stack at sp + 4 slots: 0x0000000000000002 is an unknown value
stack at sp + 5 slots: 0x0000000000000008 is an unknown value
stack at sp + 6 slots: 0x000000ec495febe8 is pointing into the stack for thread: 0x000002366191f510
stack at sp + 7 slots: 0x0000000000000002 is an unknown value


---------------  P R O C E S S  ---------------

Threads class SMR info:
_java_thread_list=0x0000023641483540, length=11, elements={
0x000002366191f510, 0x00000236411332b0, 0x0000023641136a40, 0x00000236411381c0,
0x000002364113ac30, 0x000002364113b690, 0x000002364113d100, 0x000002364113de90,
0x0000023641141bc0, 0x0000023641458090, 0x0000023641559d20
}

Java Threads: ( => current thread )
  0x000002366191f510 JavaThread "main"                              [_thread_blocked, id=17376, stack(0x000000ec49500000,0x000000ec49600000) (1024K)]
  0x00000236411332b0 JavaThread "Reference Handler"          daemon [_thread_blocked, id=18084, stack(0x000000ec49d00000,0x000000ec49e00000) (1024K)]
  0x0000023641136a40 JavaThread "Finalizer"                  daemon [_thread_blocked, id=16164, stack(0x000000ec49e00000,0x000000ec49f00000) (1024K)]
  0x00000236411381c0 JavaThread "Signal Dispatcher"          daemon [_thread_blocked, id=172, stack(0x000000ec49f00000,0x000000ec4a000000) (1024K)]
  0x000002364113ac30 JavaThread "Attach Listener"            daemon [_thread_blocked, id=13072, stack(0x000000ec4a000000,0x000000ec4a100000) (1024K)]
  0x000002364113b690 JavaThread "Service Thread"             daemon [_thread_blocked, id=4868, stack(0x000000ec4a100000,0x000000ec4a200000) (1024K)]
  0x000002364113d100 JavaThread "Monitor Deflation Thread"   daemon [_thread_blocked, id=6600, stack(0x000000ec4a200000,0x000000ec4a300000) (1024K)]
  0x000002364113de90 JavaThread "C2 CompilerThread0"         daemon [_thread_blocked, id=18376, stack(0x000000ec4a300000,0x000000ec4a400000) (1024K)]
  0x0000023641141bc0 JavaThread "C1 CompilerThread0"         daemon [_thread_blocked, id=16392, stack(0x000000ec4a400000,0x000000ec4a500000) (1024K)]
  0x0000023641458090 JavaThread "Notification Thread"        daemon [_thread_blocked, id=17932, stack(0x000000ec4a500000,0x000000ec4a600000) (1024K)]
  0x0000023641559d20 JavaThread "Common-Cleaner"             daemon [_thread_blocked, id=13192, stack(0x000000ec4a600000,0x000000ec4a700000) (1024K)]
Total: 11

Other Threads:
  0x00000236619d80d0 VMThread "VM Thread"                           [id=15944, stack(0x000000ec49c00000,0x000000ec49d00000) (1024K)]
  0x00000236619c59a0 WatcherThread "VM Periodic Task Thread"        [id=16900, stack(0x000000ec49b00000,0x000000ec49c00000) (1024K)]
  0x00000236619755c0 WorkerThread "GC Thread#0"                     [id=5948, stack(0x000000ec49600000,0x000000ec49700000) (1024K)]
  0x00000236415d4070 WorkerThread "GC Thread#1"                     [id=15320, stack(0x000000ec4a700000,0x000000ec4a800000) (1024K)]
  0x00000236415f2390 WorkerThread "GC Thread#2"                     [id=6176, stack(0x000000ec4a800000,0x000000ec4a900000) (1024K)]
  0x00000236415f2740 WorkerThread "GC Thread#3"                     [id=16616, stack(0x000000ec4a900000,0x000000ec4aa00000) (1024K)]
=>0x000002364171a000 WorkerThread "GC Thread#4"                     [id=2388, stack(0x000000ec4aa00000,0x000000ec4ab00000) (1024K)]
  0x00000236461ab720 WorkerThread "GC Thread#5"                     [id=4848, stack(0x000000ec4ab00000,0x000000ec4ac00000) (1024K)]
  0x0000023661984400 ConcurrentGCThread "G1 Main Marker"            [id=16396, stack(0x000000ec49700000,0x000000ec49800000) (1024K)]
  0x0000023661985a30 WorkerThread "G1 Conc#0"                       [id=17268, stack(0x000000ec49800000,0x000000ec49900000) (1024K)]
  0x00000236619ac470 ConcurrentGCThread "G1 Refine#0"               [id=4188, stack(0x000000ec49900000,0x000000ec49a00000) (1024K)]
  0x00000236619acf00 ConcurrentGCThread "G1 Service"                [id=11052, stack(0x000000ec49a00000,0x000000ec49b00000) (1024K)]
Total: 12

Threads with active compile tasks:
C2 CompilerThread0     5921  765       4       java.util.HashMap::getNode (150 bytes)
C1 CompilerThread0     5921  824       3       jdk.internal.jimage.ImageBufferCache::getCapacity (21 bytes)
Total: 2

VM state: at safepoint (normal execution)

VM Mutex/Monitor currently owned by a thread:  ([mutex/lock_event])
[0x00007ffa0f38af50] Threads_lock - owner thread: 0x00000236619d80d0
[0x00007ffa0f38b050] Heap_lock - owner thread: 0x000002366191f510

Heap address: 0x0000000720c00000, size: 3572 MB, Compressed Oops mode: Zero based, Oop shift amount: 3

CDS archive(s) mapped at: [0x0000023600000000-0x0000023600c90000-0x0000023600c90000), size 13172736, SharedBaseAddress: 0x0000023600000000, ArchiveRelocationMode: 1.
Compressed class space mapped at: 0x0000023601000000-0x0000023641000000, reserved size: 1073741824
Narrow klass base: 0x0000023600000000, Narrow klass shift: 0, Narrow klass range: 0x100000000

GC Precious Log:
 CardTable entry size: 512
 Card Set container configuration: InlinePtr #cards 4 size 8 Array Of Cards #cards 16 size 48 Howl #buckets 8 coarsen threshold 3686 Howl Bitmap #cards 512 size 80 coarsen threshold 460 Card regions per heap region 1 cards per card region 4096
 CPUs: 8 total, 8 available
 Memory: 14283M
 Large Page Support: Disabled
 NUMA Support: Disabled
 Compressed Oops: Enabled (Zero based)
 Heap Region Size: 2M
 Heap Min Capacity: 8M
 Heap Initial Capacity: 8M
 Heap Max Capacity: 3572M
 Pre-touch: Disabled
 Parallel Workers: 8
 Concurrent Workers: 2
 Concurrent Refinement Workers: 8
 Periodic GC: Disabled

Heap:
 garbage-first heap   total 10240K, used 4488K [0x0000000720c00000, 0x0000000800000000)
  region size 2048K, 2 young (4096K), 1 survivors (2048K)
 Metaspace       used 8118K, committed 8320K, reserved 1114112K
  class space    used 912K, committed 1024K, reserved 1048576K

Heap Regions: E=young(eden), S=young(survivor), O=old, HS=humongous(starts), HC=humongous(continues), CS=collection set, F=free, TAMS=top-at-mark-start, PB=parsable bottom
|   0|0x0000000720c00000, 0x0000000720e00000, 0x0000000720e00000|100%| O|  |TAMS 0x0000000720c00000| PB 0x0000000720c00000| Untracked 
|   1|0x0000000720e00000, 0x0000000720f025f8, 0x0000000721000000| 50%| S|  |TAMS 0x0000000720e00000| PB 0x0000000720e00000| Complete 
|   2|0x0000000721000000, 0x0000000721178bb0, 0x0000000721200000| 73%| E|CS|TAMS 0x0000000721000000| PB 0x0000000721000000| Complete 
|   3|0x0000000721200000, 0x0000000721400000, 0x0000000721400000|100%| E|CS|TAMS 0x0000000721200000| PB 0x0000000721200000| Complete 
|1785|0x00000007ffe00000, 0x00000007ffe4e2a0, 0x0000000800000000| 15%| O|  |TAMS 0x00000007ffe00000| PB 0x00000007ffe00000| Untracked 

Card table byte_map: [0x0000023679800000,0x0000023679f00000] _byte_map_base: 0x0000023675efa000

Marking Bits: (CMBitMap*) 0x0000023661975be0
 Bits: [0x0000023679f00000, 0x000002367d6d0000)

Polling page: 0x000002365f840000

Metaspace:

Usage:
  Non-class:      7.04 MB used.
      Class:    912.23 KB used.
       Both:      7.93 MB used.

Virtual space:
  Non-class space:       64.00 MB reserved,       7.12 MB ( 11%) committed,  1 nodes.
      Class space:        1.00 GB reserved,       1.00 MB ( <1%) committed,  1 nodes.
             Both:        1.06 GB reserved,       8.12 MB ( <1%) committed. 

Chunk freelists:
   Non-Class:  6.39 MB
       Class:  14.97 MB
        Both:  21.36 MB

MaxMetaspaceSize: unlimited
CompressedClassSpaceSize: 1.00 GB
Initial GC threshold: 21.00 MB
Current GC threshold: 21.00 MB
CDS: on
 - commit_granule_bytes: 65536.
 - commit_granule_words: 8192.
 - virtual_space_node_default_size: 8388608.
 - enlarge_chunks_in_place: 1.
 - use_allocation_guard: 0.


Internal statistics:

num_allocs_failed_limit: 0.
num_arena_births: 54.
num_arena_deaths: 0.
num_vsnodes_births: 2.
num_vsnodes_deaths: 0.
num_space_committed: 130.
num_space_uncommitted: 0.
num_chunks_returned_to_freelist: 0.
num_chunks_taken_from_freelist: 317.
num_chunk_merges: 0.
num_chunk_splits: 228.
num_chunks_enlarged: 183.
num_inconsistent_stats: 0.

CodeHeap 'non-profiled nmethods': size=120000Kb used=264Kb max_used=264Kb free=119735Kb
 bounds [0x00000236718a0000, 0x0000023671b10000, 0x0000023678dd0000]
CodeHeap 'profiled nmethods': size=120000Kb used=1272Kb max_used=1272Kb free=118728Kb
 bounds [0x0000023669dd0000, 0x000002366a040000, 0x0000023671300000]
CodeHeap 'non-nmethods': size=5760Kb used=1330Kb max_used=1345Kb free=4429Kb
 bounds [0x0000023671300000, 0x0000023671570000, 0x00000236718a0000]
 total_blobs=1255 nmethods=817 adapters=343
 compilation: enabled
              stopped_count=0, restarted_count=0
 full_count=0

Compilation events (20 events):
Event: 5.492 Thread 0x0000023641141bc0  811       3       java.util.BitSet::wordIndex (5 bytes)
Event: 5.493 Thread 0x000002364113de90  786       4       com.sun.tools.javac.util.Name$Table::hashValue (36 bytes)
Event: 5.493 Thread 0x0000023641141bc0 nmethod 811 0x0000023669f01690 code [0x0000023669f01820, 0x0000023669f01910]
Event: 5.493 Thread 0x0000023641141bc0  812   !   3       com.sun.tools.javac.jvm.PoolReader$ImmutablePoolHelper::readIfNeeded (148 bytes)
Event: 5.503 Thread 0x0000023641141bc0 nmethod 812 0x0000023669f01990 code [0x0000023669f01da0, 0x0000023669f03890]
Event: 5.503 Thread 0x0000023641141bc0  813       3       java.util.BitSet::checkInvariants (111 bytes)
Event: 5.504 Thread 0x0000023641141bc0 nmethod 813 0x0000023669f04590 code [0x0000023669f04740, 0x0000023669f04878]
Event: 5.504 Thread 0x0000023641141bc0  814       3       com.sun.tools.javac.util.ListBuffer::add (8 bytes)
Event: 5.504 Thread 0x0000023641141bc0 nmethod 814 0x0000023669f04910 code [0x0000023669f04ac0, 0x0000023669f04c18]
Event: 5.505 Thread 0x0000023641141bc0  815       3       com.sun.tools.javac.code.Symtab::enterPackage (79 bytes)
Event: 5.514 Thread 0x0000023641141bc0 nmethod 815 0x0000023669f04d10 code [0x0000023669f050c0, 0x0000023669f06bd8]
Event: 5.515 Thread 0x0000023641141bc0  821       3       java.util.BitSet::get (69 bytes)
Event: 5.516 Thread 0x000002364113de90 nmethod 786 0x00000236718e1f10 code [0x00000236718e20a0, 0x00000236718e2278]
Event: 5.516 Thread 0x000002364113de90  765       4       java.util.HashMap::getNode (150 bytes)
Event: 5.518 Thread 0x0000023641141bc0 nmethod 821 0x0000023669f07410 code [0x0000023669f07660, 0x0000023669f07e10]
Event: 5.518 Thread 0x0000023641141bc0  822   !   3       com.sun.tools.javac.jvm.PoolReader::resolve (400 bytes)
Event: 5.538 Thread 0x0000023641141bc0 nmethod 822 0x0000023669f08190 code [0x0000023669f088c0, 0x0000023669f0c070]
Event: 5.539 Thread 0x0000023641141bc0  823       3       java.lang.String::<init> (74 bytes)
Event: 5.542 Thread 0x0000023641141bc0 nmethod 823 0x0000023669f0d590 code [0x0000023669f0d7a0, 0x0000023669f0dd90]
Event: 5.542 Thread 0x0000023641141bc0  824       3       jdk.internal.jimage.ImageBufferCache::getCapacity (21 bytes)

GC Heap History (7 events):
Event: 2.367 GC heap before
{Heap before GC invocations=0 (full 0):
 garbage-first heap   total 8192K, used 2048K [0x0000000720c00000, 0x0000000800000000)
  region size 2048K, 1 young (2048K), 0 survivors (0K)
 Metaspace       used 1510K, committed 1664K, reserved 1114112K
  class space    used 170K, committed 256K, reserved 1048576K
}
Event: 2.388 GC heap after
{Heap after GC invocations=1 (full 0):
 garbage-first heap   total 8192K, used 1024K [0x0000000720c00000, 0x0000000800000000)
  region size 2048K, 1 young (2048K), 1 survivors (2048K)
 Metaspace       used 1510K, committed 1664K, reserved 1114112K
  class space    used 170K, committed 256K, reserved 1048576K
}
Event: 3.388 GC heap before
{Heap before GC invocations=1 (full 0):
 garbage-first heap   total 8192K, used 1024K [0x0000000720c00000, 0x0000000800000000)
  region size 2048K, 2 young (4096K), 1 survivors (2048K)
 Metaspace       used 3124K, committed 3328K, reserved 1114112K
  class space    used 389K, committed 512K, reserved 1048576K
}
Event: 3.409 GC heap after
{Heap after GC invocations=2 (full 0):
 garbage-first heap   total 8192K, used 1363K [0x0000000720c00000, 0x0000000800000000)
  region size 2048K, 1 young (2048K), 1 survivors (2048K)
 Metaspace       used 3124K, committed 3328K, reserved 1114112K
  class space    used 389K, committed 512K, reserved 1048576K
}
Event: 4.868 GC heap before
{Heap before GC invocations=2 (full 0):
 garbage-first heap   total 8192K, used 1363K [0x0000000720c00000, 0x0000000800000000)
  region size 2048K, 2 young (4096K), 1 survivors (2048K)
 Metaspace       used 6982K, committed 7168K, reserved 1114112K
  class space    used 815K, committed 896K, reserved 1048576K
}
Event: 4.891 GC heap after
{Heap after GC invocations=3 (full 0):
 garbage-first heap   total 8192K, used 2440K [0x0000000720c00000, 0x0000000800000000)
  region size 2048K, 1 young (2048K), 1 survivors (2048K)
 Metaspace       used 6982K, committed 7168K, reserved 1114112K
  class space    used 815K, committed 896K, reserved 1048576K
}
Event: 5.542 GC heap before
{Heap before GC invocations=3 (full 0):
 garbage-first heap   total 8192K, used 4488K [0x0000000720c00000, 0x0000000800000000)
  region size 2048K, 2 young (4096K), 1 survivors (2048K)
 Metaspace       used 8118K, committed 8320K, reserved 1114112K
  class space    used 912K, committed 1024K, reserved 1048576K
}

Dll operation events (6 events):
Event: 0.164 Loaded shared library C:\Program Files\Java\jdk-21.0.11\bin\java.dll
Event: 0.642 Loaded shared library C:\Program Files\Java\jdk-21.0.11\bin\jsvml.dll
Event: 1.209 Loaded shared library C:\Program Files\Java\jdk-21.0.11\bin\jimage.dll
Event: 2.471 Loaded shared library C:\Program Files\Java\jdk-21.0.11\bin\net.dll
Event: 2.487 Loaded shared library C:\Program Files\Java\jdk-21.0.11\bin\nio.dll
Event: 2.843 Loaded shared library C:\Program Files\Java\jdk-21.0.11\bin\zip.dll

Deoptimization events (20 events):
Event: 2.254 Thread 0x000002366191f510 DEOPT PACKING pc=0x00000236718affa0 sp=0x000000ec495fe370
Event: 2.254 Thread 0x000002366191f510 DEOPT UNPACKING pc=0x00000236713546a2 sp=0x000000ec495fe308 mode 2
Event: 2.437 Thread 0x000002366191f510 Uncommon trap: trap_request=0xffffffde fr.pc=0x00000236718bcdb0 relative=0x0000000000000490
Event: 2.437 Thread 0x000002366191f510 Uncommon trap: reason=class_check action=maybe_recompile pc=0x00000236718bcdb0 method=java.util.HashMap.putVal(ILjava/lang/Object;Ljava/lang/Object;ZZ)Ljava/lang/Object; @ 253 c2
Event: 2.437 Thread 0x000002366191f510 DEOPT PACKING pc=0x00000236718bcdb0 sp=0x000000ec495fec30
Event: 2.437 Thread 0x000002366191f510 DEOPT UNPACKING pc=0x00000236713546a2 sp=0x000000ec495febe0 mode 2
Event: 2.438 Thread 0x000002366191f510 Uncommon trap: trap_request=0xffffff45 fr.pc=0x00000236718bd284 relative=0x0000000000000964
Event: 2.438 Thread 0x000002366191f510 Uncommon trap: reason=unstable_if action=reinterpret pc=0x00000236718bd284 method=java.util.HashMap.putVal(ILjava/lang/Object;Ljava/lang/Object;ZZ)Ljava/lang/Object; @ 181 c2
Event: 2.438 Thread 0x000002366191f510 DEOPT PACKING pc=0x00000236718bd284 sp=0x000000ec495fec30
Event: 2.438 Thread 0x000002366191f510 DEOPT UNPACKING pc=0x00000236713546a2 sp=0x000000ec495febe0 mode 2
Event: 2.972 Thread 0x000002366191f510 DEOPT PACKING pc=0x0000023669dfee28 sp=0x000000ec495fd740
Event: 2.972 Thread 0x000002366191f510 DEOPT UNPACKING pc=0x0000023671354e42 sp=0x000000ec495fcb60 mode 0
Event: 4.819 Thread 0x000002366191f510 Uncommon trap: trap_request=0xffffff45 fr.pc=0x00000236718cd4a4 relative=0x00000000000004c4
Event: 4.819 Thread 0x000002366191f510 Uncommon trap: reason=unstable_if action=reinterpret pc=0x00000236718cd4a4 method=java.lang.StringLatin1.replace([BCC)Ljava/lang/String; @ 19 c2
Event: 4.819 Thread 0x000002366191f510 DEOPT PACKING pc=0x00000236718cd4a4 sp=0x000000ec495feb90
Event: 4.819 Thread 0x000002366191f510 DEOPT UNPACKING pc=0x00000236713546a2 sp=0x000000ec495feb10 mode 2
Event: 5.006 Thread 0x000002366191f510 Uncommon trap: trap_request=0xffffff45 fr.pc=0x00000236718c2e4c relative=0x000000000000012c
Event: 5.006 Thread 0x000002366191f510 Uncommon trap: reason=unstable_if action=reinterpret pc=0x00000236718c2e4c method=java.lang.StringCoding.countPositives([BII)I @ 17 c2
Event: 5.006 Thread 0x000002366191f510 DEOPT PACKING pc=0x00000236718c2e4c sp=0x000000ec495fe960
Event: 5.006 Thread 0x000002366191f510 DEOPT UNPACKING pc=0x00000236713546a2 sp=0x000000ec495fe900 mode 2

Classes loaded (20 events):
Event: 5.235 Loading class java/util/Collections$SingletonList
Event: 5.236 Loading class java/util/Collections$SingletonList done
Event: 5.289 Loading class java/util/LinkedHashMap$LinkedValues
Event: 5.291 Loading class java/util/LinkedHashMap$LinkedValues done
Event: 5.291 Loading class java/util/LinkedHashMap$LinkedValueIterator
Event: 5.292 Loading class java/util/LinkedHashMap$LinkedValueIterator done
Event: 5.293 Loading class java/util/regex/Pattern$Bound
Event: 5.293 Loading class java/util/regex/Pattern$Bound done
Event: 5.391 Loading class java/util/BitSet
Event: 5.392 Loading class java/util/BitSet done
Event: 5.483 Loading class java/util/stream/MatchOps$MatchKind
Event: 5.483 Loading class java/util/stream/MatchOps$MatchKind done
Event: 5.484 Loading class java/util/stream/MatchOps
Event: 5.484 Loading class java/util/stream/MatchOps done
Event: 5.484 Loading class java/util/stream/MatchOps$MatchOp
Event: 5.485 Loading class java/util/stream/MatchOps$MatchOp done
Event: 5.485 Loading class java/util/stream/MatchOps$BooleanTerminalSink
Event: 5.486 Loading class java/util/stream/MatchOps$BooleanTerminalSink done
Event: 5.488 Loading class java/util/stream/MatchOps$1MatchSink
Event: 5.489 Loading class java/util/stream/MatchOps$1MatchSink done

Classes unloaded (0 events):
No events

Classes redefined (0 events):
No events

Internal exceptions (18 events):
Event: 2.213 Thread 0x000002366191f510 Exception <a 'java/lang/NoSuchMethodError'{0x00000007213ed618}: 'void java.lang.invoke.DirectMethodHandle$Holder.invokeSpecial(java.lang.Object, java.lang.Object, java.lang.Object)'> (0x00000007213ed618) 
thrown [s\open\src\hotspot\share\interpreter\linkResolver.cpp, line 773]
Event: 2.633 Thread 0x000002366191f510 Exception <a 'java/lang/NoSuchMethodError'{0x0000000721251e78}: 'java.lang.Object java.lang.invoke.DirectMethodHandle$Holder.invokeVirtual(java.lang.Object, java.lang.Object, java.lang.Object)'> (0x0000000721251e78) 
thrown [s\open\src\hotspot\share\interpreter\linkResolver.cpp, line 773]
Event: 2.654 Thread 0x000002366191f510 Exception <a 'java/lang/NoSuchMethodError'{0x000000072125dce0}: 'int java.lang.invoke.DirectMethodHandle$Holder.invokeInterface(java.lang.Object, java.lang.Object)'> (0x000000072125dce0) 
thrown [s\open\src\hotspot\share\interpreter\linkResolver.cpp, line 773]
Event: 2.944 Thread 0x000002366191f510 Exception <a 'sun/nio/fs/WindowsException'{0x0000000721336088}> (0x0000000721336088) 
thrown [s\open\src\hotspot\share\prims\jni.cpp, line 520]
Event: 2.951 Thread 0x000002366191f510 Exception <a 'sun/nio/fs/WindowsException'{0x00000007213365f8}> (0x00000007213365f8) 
thrown [s\open\src\hotspot\share\prims\jni.cpp, line 520]
Event: 2.956 Thread 0x000002366191f510 Exception <a 'sun/nio/fs/WindowsException'{0x0000000721336d00}> (0x0000000721336d00) 
thrown [s\open\src\hotspot\share\prims\jni.cpp, line 520]
Event: 2.963 Thread 0x000002366191f510 Exception <a 'sun/nio/fs/WindowsException'{0x0000000721338648}> (0x0000000721338648) 
thrown [s\open\src\hotspot\share\prims\jni.cpp, line 520]
Event: 2.972 Thread 0x000002366191f510 Exception <a 'java/lang/NoSuchMethodError'{0x000000072133d7d0}: 'int java.lang.invoke.DirectMethodHandle$Holder.invokeVirtual(java.lang.Object, java.lang.Object, java.lang.Object)'> (0x000000072133d7d0) 
thrown [s\open\src\hotspot\share\interpreter\linkResolver.cpp, line 773]
Event: 2.978 Thread 0x000002366191f510 Exception <a 'java/lang/NoSuchMethodError'{0x0000000721344bf8}: 'void java.lang.invoke.DirectMethodHandle$Holder.invokeInterface(java.lang.Object, java.lang.Object, java.lang.Object)'> (0x0000000721344bf8) 
thrown [s\open\src\hotspot\share\interpreter\linkResolver.cpp, line 773]
Event: 3.787 Thread 0x000002366191f510 Exception <a 'java/lang/NoSuchMethodError'{0x00000007212920d8}: 'int java.lang.invoke.DirectMethodHandle$Holder.invokeStaticInit(java.lang.Object, java.lang.Object)'> (0x00000007212920d8) 
thrown [s\open\src\hotspot\share\interpreter\linkResolver.cpp, line 773]
Event: 4.499 Thread 0x000002366191f510 Exception <a 'java/lang/NoSuchMethodError'{0x0000000721346fa0}: 'int java.lang.invoke.DirectMethodHandle$Holder.invokeVirtual(java.lang.Object, java.lang.Object)'> (0x0000000721346fa0) 
thrown [s\open\src\hotspot\share\interpreter\linkResolver.cpp, line 773]
Event: 4.538 Thread 0x000002366191f510 Exception <a 'java/lang/NoSuchMethodError'{0x0000000721368d68}: 'java.lang.Object java.lang.invoke.DirectMethodHandle$Holder.newInvokeSpecial(java.lang.Object, java.lang.Object, java.lang.Object, java.lang.Object, java.lang.Object)'> (0x0000000721368d68) 
thrown [s\open\src\hotspot\share\interpreter\linkResolver.cpp, line 773]
Event: 4.553 Thread 0x000002366191f510 Exception <a 'java/lang/NoSuchMethodError'{0x0000000721376180}: 'java.lang.Object java.lang.invoke.DirectMethodHandle$Holder.newInvokeSpecial(java.lang.Object, java.lang.Object, java.lang.Object, java.lang.Object, java.lang.Object, java.lang.Object)'> (0x0000000721376180) 
thrown [s\open\src\hotspot\share\interpreter\linkResolver.cpp, line 773]
Event: 4.728 Thread 0x000002366191f510 Exception <a 'sun/nio/fs/WindowsException'{0x00000007213bdaf8}> (0x00000007213bdaf8) 
thrown [s\open\src\hotspot\share\prims\jni.cpp, line 520]
Event: 5.190 Thread 0x000002366191f510 Exception <a 'sun/nio/fs/WindowsException'{0x00000007212c5cf0}> (0x00000007212c5cf0) 
thrown [s\open\src\hotspot\share\prims\jni.cpp, line 520]
Event: 5.192 Thread 0x000002366191f510 Exception <a 'sun/nio/fs/WindowsException'{0x00000007212c6668}> (0x00000007212c6668) 
thrown [s\open\src\hotspot\share\prims\jni.cpp, line 520]
Event: 5.401 Thread 0x000002366191f510 Exception <a 'java/lang/NoSuchMethodError'{0x00000007213875f0}: 'java.lang.Object java.lang.invoke.DirectMethodHandle$Holder.invokeSpecial(java.lang.Object, java.lang.Object, java.lang.Object, int, int)'> (0x00000007213875f0) 
thrown [s\open\src\hotspot\share\interpreter\linkResolver.cpp, line 773]
Event: 5.407 Thread 0x000002366191f510 Exception <a 'java/lang/NoSuchMethodError'{0x000000072138daf0}: 'java.lang.Object java.lang.invoke.DirectMethodHandle$Holder.invokeVirtual(java.lang.Object, java.lang.Object, int)'> (0x000000072138daf0) 
thrown [s\open\src\hotspot\share\interpreter\linkResolver.cpp, line 773]

ZGC Phase Switch (0 events):
No events

VM Operations (20 events):
Event: 0.943 Executing VM operation: HandshakeAllThreads (Deoptimize) done
Event: 1.945 Executing VM operation: Cleanup
Event: 1.983 Executing VM operation: Cleanup done
Event: 2.241 Executing VM operation: HandshakeAllThreads (Deoptimize)
Event: 2.241 Executing VM operation: HandshakeAllThreads (Deoptimize) done
Event: 2.366 Executing VM operation: G1CollectForAllocation (G1 Evacuation Pause)
Event: 2.389 Executing VM operation: G1CollectForAllocation (G1 Evacuation Pause) done
Event: 2.625 Executing VM operation: HandshakeAllThreads (Deoptimize)
Event: 2.625 Executing VM operation: HandshakeAllThreads (Deoptimize) done
Event: 2.701 Executing VM operation: HandshakeAllThreads (Deoptimize)
Event: 2.701 Executing VM operation: HandshakeAllThreads (Deoptimize) done
Event: 3.388 Executing VM operation: G1CollectForAllocation (G1 Evacuation Pause)
Event: 3.410 Executing VM operation: G1CollectForAllocation (G1 Evacuation Pause) done
Event: 4.417 Executing VM operation: Cleanup
Event: 4.418 Executing VM operation: Cleanup done
Event: 4.868 Executing VM operation: G1CollectForAllocation (G1 Evacuation Pause)
Event: 4.891 Executing VM operation: G1CollectForAllocation (G1 Evacuation Pause) done
Event: 5.203 Executing VM operation: HandshakeAllThreads (Deoptimize)
Event: 5.203 Executing VM operation: HandshakeAllThreads (Deoptimize) done
Event: 5.542 Executing VM operation: G1CollectForAllocation (G1 Evacuation Pause)

Events (11 events):
Event: 0.320 Thread 0x000002366191f510 Thread added: 0x000002366191f510
Event: 0.563 Thread 0x00000236411332b0 Thread added: 0x00000236411332b0
Event: 0.564 Thread 0x0000023641136a40 Thread added: 0x0000023641136a40
Event: 0.571 Thread 0x00000236411381c0 Thread added: 0x00000236411381c0
Event: 0.572 Thread 0x000002364113ac30 Thread added: 0x000002364113ac30
Event: 0.572 Thread 0x000002364113b690 Thread added: 0x000002364113b690
Event: 0.573 Thread 0x000002364113d100 Thread added: 0x000002364113d100
Event: 0.573 Thread 0x000002364113de90 Thread added: 0x000002364113de90
Event: 0.586 Thread 0x0000023641141bc0 Thread added: 0x0000023641141bc0
Event: 1.142 Thread 0x0000023641458090 Thread added: 0x0000023641458090
Event: 1.942 Thread 0x0000023641559d20 Thread added: 0x0000023641559d20


Dynamic libraries:
0x00007ff7e3bf0000 - 0x00007ff7e3bf8000 	C:\Program Files\Java\jdk-21.0.11\bin\javac.exe
0x00007ffad9fa0000 - 0x00007ffada207000 	C:\WINDOWS\SYSTEM32\ntdll.dll
0x00007ffad8fb0000 - 0x00007ffad9079000 	C:\WINDOWS\System32\KERNEL32.DLL
0x00007ffad74d0000 - 0x00007ffad78c7000 	C:\WINDOWS\System32\KERNELBASE.dll
0x00007ffad6a80000 - 0x00007ffad6bcb000 	C:\WINDOWS\System32\ucrtbase.dll
0x00007ffac15b0000 - 0x00007ffac15c9000 	C:\Program Files\Java\jdk-21.0.11\bin\jli.dll
0x00007ffad8ef0000 - 0x00007ffad8fa6000 	C:\WINDOWS\System32\ADVAPI32.dll
0x00007ffad96e0000 - 0x00007ffad9789000 	C:\WINDOWS\System32\msvcrt.dll
0x00007ffad8cd0000 - 0x00007ffad8d77000 	C:\WINDOWS\System32\sechost.dll
0x00007ffad8ac0000 - 0x00007ffad8bd8000 	C:\WINDOWS\System32\RPCRT4.dll
0x00007ffac7880000 - 0x00007ffac789e000 	C:\Program Files\Java\jdk-21.0.11\bin\VCRUNTIME140.dll
0x00007ffad9bc0000 - 0x00007ffad9d86000 	C:\WINDOWS\System32\USER32.dll
0x00007ffad7a40000 - 0x00007ffad7a67000 	C:\WINDOWS\System32\win32u.dll
0x00007ffad9e10000 - 0x00007ffad9e3b000 	C:\WINDOWS\System32\GDI32.dll
0x00007ffad7bf0000 - 0x00007ffad7d1c000 	C:\WINDOWS\System32\gdi32full.dll
0x00007ffad69d0000 - 0x00007ffad6a73000 	C:\WINDOWS\System32\msvcp_win.dll
0x00007ffad5ad0000 - 0x00007ffad5d62000 	C:\WINDOWS\WinSxS\amd64_microsoft.windows.common-controls_6595b64144ccf1df_6.0.26100.8457_none_3e0b2faee331e92d\COMCTL32.dll
0x00007fface7d0000 - 0x00007fface7db000 	C:\WINDOWS\SYSTEM32\VERSION.dll
0x00007ffad9790000 - 0x00007ffad97c2000 	C:\WINDOWS\System32\IMM32.DLL
0x00007ffad0fd0000 - 0x00007ffad0fdc000 	C:\Program Files\Java\jdk-21.0.11\bin\vcruntime140_1.dll
0x00007ffa329d0000 - 0x00007ffa32a5d000 	C:\Program Files\Java\jdk-21.0.11\bin\msvcp140.dll
0x00007ffa0e740000 - 0x00007ffa0f468000 	C:\Program Files\Java\jdk-21.0.11\bin\server\jvm.dll
0x00007ffad97d0000 - 0x00007ffad9850000 	C:\WINDOWS\System32\WS2_32.dll
0x00007ffad6830000 - 0x00007ffad688e000 	C:\WINDOWS\SYSTEM32\POWRPROF.dll
0x00007fface790000 - 0x00007fface7c6000 	C:\WINDOWS\SYSTEM32\WINMM.dll
0x00007ffad6810000 - 0x00007ffad6824000 	C:\WINDOWS\SYSTEM32\UMPDC.dll
0x00007ffad4e70000 - 0x00007ffad4e8b000 	C:\WINDOWS\SYSTEM32\kernel.appcore.dll
0x00007ffac15a0000 - 0x00007ffac15aa000 	C:\Program Files\Java\jdk-21.0.11\bin\jimage.dll
0x00007ffad6180000 - 0x00007ffad63c2000 	C:\WINDOWS\SYSTEM32\DBGHELP.DLL
0x00007ffad7d20000 - 0x00007ffad80a3000 	C:\WINDOWS\System32\combase.dll
0x00007ffad8e10000 - 0x00007ffad8ee9000 	C:\WINDOWS\System32\OLEAUT32.dll
0x00007ffad6070000 - 0x00007ffad60ab000 	C:\WINDOWS\SYSTEM32\dbgcore.DLL
0x00007ffad7990000 - 0x00007ffad7a38000 	C:\WINDOWS\System32\bcryptPrimitives.dll
0x00007ffabf330000 - 0x00007ffabf351000 	C:\Program Files\Java\jdk-21.0.11\bin\java.dll
0x00007ffad8150000 - 0x00007ffad88be000 	C:\WINDOWS\System32\SHELL32.dll
0x00007ffad6bd0000 - 0x00007ffad743c000 	C:\WINDOWS\System32\windows.storage.dll
0x00007ffad9e50000 - 0x00007ffad9f46000 	C:\WINDOWS\System32\SHCORE.dll
0x00007ffad8be0000 - 0x00007ffad8c46000 	C:\WINDOWS\System32\shlwapi.dll
0x00007ffad68f0000 - 0x00007ffad6919000 	C:\WINDOWS\SYSTEM32\profapi.dll
0x00007ffa22fe0000 - 0x00007ffa230b7000 	C:\Program Files\Java\jdk-21.0.11\bin\jsvml.dll
0x00007ffac0dc0000 - 0x00007ffac0dd1000 	C:\Program Files\Java\jdk-21.0.11\bin\net.dll
0x00007ffacbf30000 - 0x00007ffacc059000 	C:\WINDOWS\SYSTEM32\WINHTTP.dll
0x00007ffad5570000 - 0x00007ffad55dc000 	C:\WINDOWS\system32\mswsock.dll
0x00007ffab6420000 - 0x00007ffab6436000 	C:\Program Files\Java\jdk-21.0.11\bin\nio.dll
0x00007ffac10b0000 - 0x00007ffac10c8000 	C:\Program Files\Java\jdk-21.0.11\bin\zip.dll

dbghelp: loaded successfully - version: 4.0.5 - missing functions: none
symbol engine: initialized successfully - sym options: 0x614 - pdb path: .;C:\Program Files\Java\jdk-21.0.11\bin;C:\WINDOWS\SYSTEM32;C:\WINDOWS\WinSxS\amd64_microsoft.windows.common-controls_6595b64144ccf1df_6.0.26100.8457_none_3e0b2faee331e92d;C:\Program Files\Java\jdk-21.0.11\bin\server

VM Arguments:
jvm_args: -Dapplication.home=C:\Program Files\Java\jdk-21.0.11 --add-modules=ALL-DEFAULT -Xms8m -Djdk.module.main=jdk.compiler 
java_command: jdk.compiler/com.sun.tools.javac.Main -d C:\Users\alexi\OneDrive\Desktop\SAE JAVA\SAE_JAVA\SAE_JAVA\build\classes -classpath C:\Users\alexi\OneDrive\Desktop\SAE JAVA\SAE_JAVA\SAE_JAVA\build\classes;C:\Users\alexi\OneDrive\Desktop\graphstream1_3\lib\gs-algo-1.3.jar;C:\Users\alexi\OneDrive\Desktop\graphstream1_3\lib\gs-core-1.3.jar;C:\Users\alexi\OneDrive\Desktop\graphstream1_3\lib\gs-ui-1.3.jar -sourcepath C:\Users\alexi\OneDrive\Desktop\SAE JAVA\SAE_JAVA\SAE_JAVA\build\empty -target 21 -encoding UTF-8 -g -processorpath C:\Users\alexi\OneDrive\Desktop\graphstream1_3\lib\gs-algo-1.3.jar;C:\Users\alexi\OneDrive\Desktop\graphstream1_3\lib\gs-core-1.3.jar;C:\Users\alexi\OneDrive\Desktop\graphstream1_3\lib\gs-ui-1.3.jar;\\iutdoua-smb.univ-lyon1.fr\homes\p2500558\Mes documents\Downloads\lib\gs-algo-1.3.jar;\\iutdoua-smb.univ-lyon1.fr\homes\p2500558\Mes documents\Downloads\lib\gs-core-1.3.jar;\\iutdoua-smb.univ-lyon1.fr\homes\p2500558\Mes documents\Downloads\lib\gs-ui-1.3.jar;C:\Users\alexi\OneDrive\Desktop\SAE JAVA\SAE_JAVA\SAE_JAVA\build\empty -s C:\Users\alexi\OneDrive\Desktop\SAE JAVA\SAE_JAVA\SAE_JAVA\build\generated-sources\ap-source-output -source 21 C:\Users\alexi\OneDrive\Desktop\SAE JAVA\SAE_JAVA\SAE_JAVA\src\IHM\GrapheVisuel.java
java_class_path (initial): <not set>
Launcher Type: SUN_STANDARD

[Global flags]
     intx CICompilerCount                          = 4                                         {product} {ergonomic}
     uint ConcGCThreads                            = 2                                         {product} {ergonomic}
     uint G1ConcRefinementThreads                  = 8                                         {product} {ergonomic}
   size_t G1HeapRegionSize                         = 2097152                                   {product} {ergonomic}
    uintx GCDrainStackTargetSize                   = 64                                        {product} {ergonomic}
   size_t InitialHeapSize                          = 8388608                                   {product} {command line}
   size_t MarkStackSize                            = 4194304                                   {product} {ergonomic}
   size_t MaxHeapSize                              = 3745513472                                {product} {ergonomic}
   size_t MaxNewSize                               = 2246049792                                {product} {ergonomic}
   size_t MinHeapDeltaBytes                        = 2097152                                   {product} {ergonomic}
   size_t MinHeapSize                              = 8388608                                   {product} {command line}
    uintx NonNMethodCodeHeapSize                   = 5839372                                {pd product} {ergonomic}
    uintx NonProfiledCodeHeapSize                  = 122909434                              {pd product} {ergonomic}
    uintx ProfiledCodeHeapSize                     = 122909434                              {pd product} {ergonomic}
    uintx ReservedCodeCacheSize                    = 251658240                              {pd product} {ergonomic}
     bool SegmentedCodeCache                       = true                                      {product} {ergonomic}
   size_t SoftMaxHeapSize                          = 3745513472                             {manageable} {ergonomic}
     bool UseCompressedOops                        = true                           {product lp64_product} {ergonomic}
     bool UseG1GC                                  = true                                      {product} {ergonomic}
     bool UseLargePagesIndividualAllocation        = false                                  {pd product} {ergonomic}

Logging:
Log output configuration:
 #0: stdout all=warning uptime,level,tags foldmultilines=false
 #1: stderr all=off uptime,level,tags foldmultilines=false

Environment Variables:
PATH=C:\Program Files\Common Files\Oracle\Java\javapath;C:\Program Files\Oracle Client for Microsoft Tools\;C:\Program Files (x86)\VMware\VMware Player\bin\;C:\WINDOWS\system32;C:\WINDOWS;C:\WINDOWS\System32\Wbem;C:\WINDOWS\System32\WindowsPowerShell\v1.0\;C:\WINDOWS\System32\OpenSSH\;C:\Program Files\Git\cmd;C:\Users\alexi\AppData\Local\Programs\Eclipse Adoptium\jdk-17.0.16.8-hotspot\bin;C:\Users\alexi\AppData\Local\Microsoft\WindowsApps;C:\Users\alexi\AppData\Local\Programs\Microsoft VS Code\bin;D:\Téléchargements\netbeans-29-bin\netbeans\bin\
USERNAME=alexi
OS=Windows_NT
PROCESSOR_IDENTIFIER=AMD64 Family 23 Model 24 Stepping 1, AuthenticAMD
TMP=C:\Users\alexi\AppData\Local\Temp
TEMP=C:\Users\alexi\AppData\Local\Temp




Periodic native trim disabled

---------------  S Y S T E M  ---------------

OS:
 Windows 11 , 64 bit Build 26100 (10.0.26100.8328)
OS uptime: 0 days 18:16 hours

CPU: total 8 (initial active 8) (8 cores per cpu, 2 threads per core) family 23 model 24 stepping 1 microcode 0x8108102, cx8, cmov, fxsr, ht, mmx, 3dnowpref, sse, sse2, sse3, ssse3, sse4a, sse4.1, sse4.2, popcnt, lzcnt, tsc, tscinvbit, avx, avx2, aes, clmul, bmi1, bmi2, adx, sha, fma, vzeroupper, clflush, clflushopt, rdtscp, f16c
Processor Information for all 8 processors :
  Max Mhz: 2300, Current Mhz: 2300, Mhz Limit: 2300

Memory: 4k page, system-wide physical 14283M (6342M free)
TotalPageFile size 15883M (AvailPageFile size 6658M)
current process WorkingSet (physical memory assigned to process): 66M, peak: 66M
current process commit charge ("private bytes"): 102M, peak: 102M

vm_info: Java HotSpot(TM) 64-Bit Server VM (21.0.11+9-LTS-211) for windows-amd64 JRE (21.0.11+9-LTS-211), built on 2026-03-11T00:23:15Z by "mach5run" with MS VC++ 17.13 (VS2022)

END.
